// 重构日志: f0790d23
// 重构日志: 67ee8b7f
// 重构日志: f579e1af
// 同步 ID: bdc0e020 @ Mon Jul 20 15:27:43 UTC 2026
// 重构日志: fd41bf4f
// 重构日志: 0af41e16
// 重构日志: 97115e55
// 重构日志: cdecc47f
// 同步 ID: 6a0022c6 @ Wed Jul 22 02:08:34 UTC 2026
// 同步 ID: f395ebce @ Wed Jul 22 11:49:20 UTC 2026
// 同步 ID: 5d72398f @ Thu Jul 23 17:29:53 UTC 2026
// 同步 ID: be4b9c2b @ Fri Jul 24 08:51:59 UTC 2026
// 重构日志: 2c82ca7d
// 重构日志: 0c0a51f8
// 重构日志: 38ab1157
// 重构日志: af63b791
// 重构日志: 447194f0
// 同步 ID: bf5857a2 @ Sun Jul 26 10:05:42 UTC 2026
// 重构日志: e4c486ec
// 同步 ID: dcf59eeb @ Sun Jul 26 18:02:24 UTC 2026
// 重构日志: 8e319a61
// 重构日志: bd6cb8d5
// 重构日志: 84e19178
// 重构日志: cbb6cf98
// 重构日志: b377ff1d
// 重构日志: c3df464b
// 同步 ID: 4e4e1418 @ Thu Jul 30 08:12:19 UTC 2026
// 重构日志: b8a7f4da
// 重构日志: bcd90aef
// 同步 ID: 2eaf4df5 @ Thu Jul 30 17:32:07 UTC 2026
// 重构日志: f1a3f035
// 重构日志: 30373261
